../Core/Src/main.c:104:10:Crc16	24	static
../Core/Src/main.c:116:6:Get_MPU_Data	8	static
../Core/Src/main.c:128:6:Make_Tx_Packet	8	static
../Core/Src/main.c:141:6:Transmit_Packet	8	static
../Core/Src/main.c:148:6:Get_BME_Data	8	static
../Core/Src/main.c:156:6:HAL_TIM_IC_CaptureCallback	40	static
../Core/Src/main.c:174:5:main	32	static
../Core/Src/main.c:268:6:SystemClock_Config	72	static
../Core/Src/main.c:305:13:MX_I2C1_Init	8	static
../Core/Src/main.c:339:13:MX_SPI1_Init	8	static
../Core/Src/main.c:377:13:MX_TIM1_Init	72	static
../Core/Src/main.c:452:13:MX_USART1_UART_Init	8	static
../Core/Src/main.c:485:13:MX_USART2_UART_Init	8	static
../Core/Src/main.c:518:13:MX_GPIO_Init	40	static
../Core/Src/main.c:578:6:Error_Handler	4	static,ignoring_inline_asm
