../Core/Src/mpu9250.c:28:9:setupMPU	16	static
../Core/Src/mpu9250.c:53:6:calibrate	16	static
../Core/Src/mpu9250.c:58:6:sleep	24	static
../Core/Src/mpu9250.c:68:9:isConnectedMPU9250	16	static
../Core/Src/mpu9250.c:75:9:isConnectedAK8963	16	static
../Core/Src/mpu9250.c:79:9:MPUisConnected	16	static
../Core/Src/mpu9250.c:84:9:MPUisSleeping	16	static
../Core/Src/mpu9250.c:88:9:MPUavailable	16	static
../Core/Src/mpu9250.c:92:9:updateMPU	24	static
../Core/Src/mpu9250.c:104:7:getRoll	16	static
../Core/Src/mpu9250.c:105:7:getPitch	16	static
../Core/Src/mpu9250.c:106:7:getYaw	16	static
../Core/Src/mpu9250.c:108:7:getEulerX	16	static
../Core/Src/mpu9250.c:109:7:getEulerY	16	static
../Core/Src/mpu9250.c:110:7:getEulerZ	16	static
../Core/Src/mpu9250.c:112:7:getQuaternionX	16	static
../Core/Src/mpu9250.c:113:7:getQuaternionY	16	static
../Core/Src/mpu9250.c:114:7:getQuaternionZ	16	static
../Core/Src/mpu9250.c:115:7:getQuaternionW	16	static
../Core/Src/mpu9250.c:117:7:getAcc	16	static
../Core/Src/mpu9250.c:118:7:getGyro	16	static
../Core/Src/mpu9250.c:119:7:getMag	16	static
../Core/Src/mpu9250.c:120:7:getLinearAcc	16	static
../Core/Src/mpu9250.c:122:7:getAccX	16	static
../Core/Src/mpu9250.c:123:7:getAccY	16	static
../Core/Src/mpu9250.c:124:7:getAccZ	16	static
../Core/Src/mpu9250.c:125:7:getGyroX	16	static
../Core/Src/mpu9250.c:126:7:getGyroY	16	static
../Core/Src/mpu9250.c:127:7:getGyroZ	16	static
../Core/Src/mpu9250.c:128:7:getMagX	16	static
../Core/Src/mpu9250.c:129:7:getMagY	16	static
../Core/Src/mpu9250.c:130:7:getMagZ	16	static
../Core/Src/mpu9250.c:131:7:getLinearAccX	16	static
../Core/Src/mpu9250.c:132:7:getLinearAccY	16	static
../Core/Src/mpu9250.c:133:7:getLinearAccZ	16	static
../Core/Src/mpu9250.c:134:7:getAccBias	16	static
../Core/Src/mpu9250.c:135:7:getGyroBias	16	static
../Core/Src/mpu9250.c:136:7:getMagBias	16	static
../Core/Src/mpu9250.c:137:7:getMagScale	16	static
../Core/Src/mpu9250.c:138:7:getAccBiasX	16	static
../Core/Src/mpu9250.c:139:7:getAccBiasY	16	static
../Core/Src/mpu9250.c:140:7:getAccBiasZ	16	static
../Core/Src/mpu9250.c:141:7:getGyroBiasX	16	static
../Core/Src/mpu9250.c:142:7:getGyroBiasY	16	static
../Core/Src/mpu9250.c:143:7:getGyroBiasZ	16	static
../Core/Src/mpu9250.c:144:7:getMagBiasX	16	static
../Core/Src/mpu9250.c:145:7:getMagBiasY	16	static
../Core/Src/mpu9250.c:146:7:getMagBiasZ	16	static
../Core/Src/mpu9250.c:147:7:getMagScaleX	16	static
../Core/Src/mpu9250.c:148:7:getMagScaleY	16	static
../Core/Src/mpu9250.c:149:7:getMagScaleZ	16	static
../Core/Src/mpu9250.c:150:7:getTemperature	16	static
../Core/Src/mpu9250.c:152:6:setAccBias	24	static
../Core/Src/mpu9250.c:158:6:setGyroBias	24	static
../Core/Src/mpu9250.c:164:6:setMagBias	24	static
../Core/Src/mpu9250.c:169:6:setMagScale	24	static
../Core/Src/mpu9250.c:175:6:setMagneticDeclination	16	static
../Core/Src/mpu9250.c:179:6:update_rpy	56	static
../Core/Src/mpu9250.c:214:6:update_accel_gyro	32	static
../Core/Src/mpu9250.c:232:6:update_mag	40	static
../Core/Src/mpu9250.c:247:6:readAccelGyro	32	static
../Core/Src/mpu9250.c:262:9:readMag	32	static
../Core/Src/mpu9250.c:284:6:calibrate_acc_gyro_impl	16	static
../Core/Src/mpu9250.c:293:6:set_acc_gyro_to_calibration	8	static
../Core/Src/mpu9250.c:325:6:collect_acc_gyro_data_to	64	static
../Core/Src/mpu9250.c:363:6:write_accel_offset	56	static
../Core/Src/mpu9250.c:408:6:write_gyro_offset	24	static
../Core/Src/mpu9250.c:427:6:calibrate_mag_impl	24	static
../Core/Src/mpu9250.c:440:6:collect_mag_data_to	80	static
../Core/Src/mpu9250.c:492:6:setFilterIterations	16	static
../Core/Src/mpu9250.c:497:6:initAK8963	24	static
../Core/Src/mpu9250.c:518:6:MPU9250_Init	24	static
../Core/Src/mpu9250.c:584:6:getMres	16	static
../Core/Src/mpu9250.c:599:6:getGres	16	static
../Core/Src/mpu9250.c:621:6:getAres	16	static
../Core/Src/mpu9250.c:643:6:readByte	32	static
../Core/Src/mpu9250.c:656:6:readBytes	48	static
../Core/Src/mpu9250.c:671:6:writeByte	32	static
../Core/Src/mpu9250.c:679:6:MPU9250SetDefault	16	static
